// Jest Snapshot v1, https://goo.gl/fbAQLP

exports[`Should render Header correctly 1`] = `
<header
  className="header"
>
  <Link
    className="header-logo"
    replace={false}
    to="/dashboard"
  >
    <h1>
      Expensify
    </h1>
  </Link>
  <div
    className="navigation"
  >
    <NavLink
      activeClassName="active"
      aria-current="page"
      to="/dashboard"
    >
      Dashboard
    </NavLink>
    <NavLink
      activeClassName="active"
      aria-current="page"
      to="/add"
    >
      Add
    </NavLink>
    <button
      onClick={[Function]}
    >
      Logout
    </button>
  </div>
</header>
`;
